[2026-09-29T07:19:43Z] === ENRICH ITERATION 1 START | repo=vercel/turborepo sha=b6bc4d30 ===
[2026-09-29T07:19:43Z] [iter=1] PHASE START: enrich repo=vercel/turborepo sha=b6bc4d30 runlog=/home/runner/work/forx/forx/storage/aggregate/lsp/logs/b6bc4d30-enrich-iter-001.log output=/home/runner/work/forx/forx/storage/aggregate/lsp/b6bc4d3003d564a9d2af357278d0ed9d57791ead.nq.gz
[2026-09-29T07:19:54Z] [iter=1] Step 1: Loading AST into disk-backed store mem_mb=82 MB
[2026-09-29T07:20:31Z] [iter=1] AST store loaded triples=4164975 load_secs=35 mem_mb=971 MB
[2026-09-29T07:20:31Z] [iter=1] Step 2: Finding LSP targets mem_mb=971 MB
[2026-09-29T07:20:40Z] [iter=1] LSP targets found call_sites=32724 imports=1191 extends=1 implements=495 secs=9
[2026-09-29T07:20:45Z] [iter=1] Step 2.7: Building position index (one-shot, shared across resolvers) mem_mb=971 MB
[2026-09-29T07:21:10Z] [iter=1] Position index built positions=277253 nodes_with_types=335152 secs=24 mem_mb=971 MB
[2026-09-29T07:21:10Z] [iter=1] Step 3: Starting LSP resolution mem_mb=971 MB already_completed_types=[] already_completed_files=0
[2026-09-29T07:21:10Z] [iter=1] Resolving target type target_type=call_site count=32724
[2026-09-29T07:27:56Z] [iter=1] HEARTBEAT target_type=call_site elapsed_min=8.2 files_done=0 resolved=0 errors=0 current=crates/turbopack-ecmascript/src/analyzer/graph.rs
[2026-09-29T07:33:42Z] [iter=1] HEARTBEAT target_type=call_site elapsed_min=14.0 files_done=1 resolved=309 errors=150 current=crates/turbo-tasks-memory/tests/collectibles.rs
[2026-09-29T07:34:23Z] [iter=1] HEARTBEAT target_type=call_site elapsed_min=14.7 files_done=2 resolved=323 errors=172 current=crates/turbopack-create-test-app/src/test_app_builder.rs
[2026-09-29T07:39:51Z] [iter=1] HEARTBEAT target_type=call_site elapsed_min=20.1 files_done=4 resolved=656 errors=354 current=crates/turbopack-ecmascript/src/webpack/parse.rs
[2026-09-29T07:40:37Z] [iter=1] HEARTBEAT target_type=call_site elapsed_min=20.9 files_done=5 resolved=696 errors=379 current=crates/turbopack-ecmascript/src/references/pattern_mapping.rs
[2026-09-29T07:41:15Z] [iter=1] HEARTBEAT target_type=call_site elapsed_min=21.5 files_done=6 resolved=738 errors=399 current=crates/turbopack-ecmascript/src/analyzer/linker.rs
[2026-09-29T07:42:05Z] [iter=1] HEARTBEAT target_type=call_site elapsed_min=22.4 files_done=7 resolved=855 errors=427 current=crates/turbopack-json/src/lib.rs
[2026-09-29T07:43:05Z] [iter=1] HEARTBEAT target_type=call_site elapsed_min=23.4 files_done=9 resolved=911 errors=460 current=crates/turbo-tasks/src/task_input.rs
[2026-09-29T07:45:00Z] [iter=1] HEARTBEAT target_type=call_site elapsed_min=25.3 files_done=10 resolved=1098 errors=524 current=crates/turbo-tasks-fs/src/lib.rs
[2026-09-29T07:49:24Z] [iter=1] HEARTBEAT target_type=call_site elapsed_min=29.7 files_done=11 resolved=1536 errors=671 current=crates/turbopack-core/src/reference/mod.rs
[2026-09-29T07:50:50Z] [iter=1] HEARTBEAT target_type=call_site elapsed_min=31.1 files_done=13 resolved=1651 errors=718 current=crates/turbo-tasks-fs/src/attach.rs
[2026-09-29T07:51:50Z] [iter=1] HEARTBEAT target_type=call_site elapsed_min=32.1 files_done=14 resolved=1672 errors=752 current=crates/turbo-tasks-macros/src/util.rs
[2026-09-29T07:52:39Z] [iter=1] HEARTBEAT target_type=call_site elapsed_min=32.9 files_done=16 resolved=1738 errors=778 current=crates/turbo-tasks/src/once_map.rs
[2026-09-29T07:58:44Z] [iter=1] HEARTBEAT target_type=call_site elapsed_min=39.0 files_done=19 resolved=2176 errors=981 current=crates/turbo-tasks-rocksdb/src/db.rs
[2026-09-29T08:02:44Z] [iter=1] HEARTBEAT target_type=call_site elapsed_min=43.0 files_done=22 resolved=2532 errors=1109 current=crates/turbopack-ecmascript/benches/analyzer.rs
[2026-09-29T08:03:32Z] [iter=1] HEARTBEAT target_type=call_site elapsed_min=43.8 files_done=24 resolved=2611 errors=1133 current=crates/turbopack-env/src/asset.rs
[2026-09-29T08:04:08Z] [iter=1] HEARTBEAT target_type=call_site elapsed_min=44.4 files_done=26 resolved=2680 errors=1153 current=crates/turbopack-env/src/issue.rs
[2026-09-29T08:08:27Z] [iter=1] HEARTBEAT target_type=call_site elapsed_min=48.7 files_done=28 resolved=2885 errors=1297 current=crates/next-dev/benches/mod.rs
[2026-09-29T08:10:03Z] [iter=1] HEARTBEAT target_type=call_site elapsed_min=50.3 files_done=29 resolved=2988 errors=1351 current=crates/turbopack-swc-utils/src/emitter.rs
[2026-09-29T08:12:38Z] [iter=1] HEARTBEAT target_type=call_site elapsed_min=52.9 files_done=31 resolved=3140 errors=1437 current=crates/turbo-tasks-memory/src/stats.rs
[2026-09-29T08:13:08Z] [iter=1] HEARTBEAT target_type=call_site elapsed_min=53.4 files_done=32 resolved=3223 errors=1454 current=crates/turbopack-core/src/resolve/options.rs
[2026-09-29T08:14:29Z] [iter=1] HEARTBEAT target_type=call_site elapsed_min=54.8 files_done=33 resolved=3289 errors=1500 current=crates/turbopack-ecmascript/src/analyzer/mod.rs
[2026-09-29T08:21:25Z] [iter=1] HEARTBEAT target_type=call_site elapsed_min=61.7 files_done=34 resolved=3642 errors=1733 current=crates/turbopack-ecmascript/src/path_visitor.rs
[2026-09-29T08:21:58Z] [iter=1] HEARTBEAT target_type=call_site elapsed_min=62.2 files_done=35 resolved=3720 errors=1750 current=crates/xtask/src/main.rs
[2026-09-29T08:22:54Z] [iter=1] HEARTBEAT target_type=call_site elapsed_min=63.2 files_done=37 resolved=3947 errors=1779 current=crates/next-core/src/nodejs/bootstrap.rs
[2026-09-29T08:24:06Z] [iter=1] HEARTBEAT target_type=call_site elapsed_min=64.4 files_done=40 resolved=4051 errors=1819 current=crates/next-core/src/web_entry_source.rs
[2026-09-29T08:25:00Z] [iter=1] HEARTBEAT target_type=call_site elapsed_min=65.3 files_done=42 resolved=4140 errors=1849 current=crates/next-core/src/server_rendered_source.rs
[2026-09-29T08:26:30Z] [iter=1] HEARTBEAT target_type=call_site elapsed_min=66.8 files_done=43 resolved=4209 errors=1900 current=crates/xtask/src/nft_bench.rs
[2026-09-29T08:27:10Z] [iter=1] HEARTBEAT target_type=call_site elapsed_min=67.4 files_done=45 resolved=4251 errors=1922 current=crates/next-dev/benches/util/mod.rs
[2026-09-29T08:27:40Z] [iter=1] HEARTBEAT target_type=call_site elapsed_min=68.0 files_done=46 resolved=4310 errors=1939 current=crates/turbopack-core/src/utils.rs
[2026-09-29T08:28:44Z] [iter=1] HEARTBEAT target_type=call_site elapsed_min=69.0 files_done=48 resolved=4456 errors=1970 current=crates/turbopack-ecmascript/src/lib.rs
[2026-09-29T08:29:29Z] [iter=1] HEARTBEAT target_type=call_site elapsed_min=69.8 files_done=49 resolved=4515 errors=1995 current=crates/next-dev/tests/integration.rs
[2026-09-29T08:30:01Z] [iter=1] HEARTBEAT target_type=call_site elapsed_min=70.3 files_done=50 resolved=4578 errors=2013 current=crates/turbopack/benches/node_file_trace.rs
[2026-09-29T08:30:41Z] [iter=1] HEARTBEAT target_type=call_site elapsed_min=71.0 files_done=51 resolved=4624 errors=2036 current=crates/turbo-tasks-memory/src/task.rs
[2026-09-29T08:35:57Z] [iter=1] HEARTBEAT target_type=call_site elapsed_min=76.2 files_done=52 resolved=4928 errors=2213 current=crates/turbopack-core/src/issue/mod.rs
[2026-09-29T08:36:44Z] [iter=1] HEARTBEAT target_type=call_site elapsed_min=77.0 files_done=53 resolved=4994 errors=2239 current=crates/turbopack-ecmascript/src/analyzer/well_known.rs
[2026-09-29T08:41:30Z] [iter=1] HEARTBEAT target_type=call_site elapsed_min=81.8 files_done=54 resolved=5151 errors=2399 current=crates/turbopack-css/src/asset.rs
[2026-09-29T08:42:07Z] [iter=1] HEARTBEAT target_type=call_site elapsed_min=82.4 files_done=55 resolved=5201 errors=2417 current=crates/turbo-tasks-fs/src/embed/fs.rs
[2026-09-29T08:42:53Z] [iter=1] HEARTBEAT target_type=call_site elapsed_min=83.2 files_done=57 resolved=5276 errors=2442 current=crates/turbo-tasks-memory/tests/debug.rs
[2026-09-29T08:44:31Z] [iter=1] HEARTBEAT target_type=call_site elapsed_min=84.8 files_done=59 resolved=5424 errors=2496 current=crates/turbopack-ecmascript/src/analyzer/builtin.rs
[2026-09-29T08:46:26Z] [iter=1] HEARTBEAT target_type=call_site elapsed_min=86.7 files_done=60 resolved=5518 errors=2561 current=crates/turbopack-core/src/code_builder.rs
[2026-09-29T08:47:16Z] [iter=1] HEARTBEAT target_type=call_site elapsed_min=87.5 files_done=62 resolved=5618 errors=2589 current=crates/xtask/src/publish.rs
[2026-09-29T08:48:45Z] [iter=1] HEARTBEAT target_type=call_site elapsed_min=89.0 files_done=63 resolved=5801 errors=2638 current=crates/next-dev/src/turbo_tasks_viz.rs
[2026-09-29T08:49:40Z] [iter=1] HEARTBEAT target_type=call_site elapsed_min=89.9 files_done=64 resolved=5813 errors=2669 current=crates/next-core/src/nodejs/pool.rs
[2026-09-29T08:51:39Z] [iter=1] HEARTBEAT target_type=call_site elapsed_min=91.9 files_done=66 resolved=5935 errors=2736 current=crates/turbopack-ecmascript/src/chunk/mod.rs
[2026-09-29T08:55:36Z] [iter=1] HEARTBEAT target_type=call_site elapsed_min=95.9 files_done=67 resolved=6217 errors=2870 current=crates/turbopack-core/src/chunk/mod.rs
[2026-09-29T08:56:36Z] [iter=1] HEARTBEAT target_type=call_site elapsed_min=96.9 files_done=68 resolved=6308 errors=2904 current=crates/turbopack-dev-server/src/source/static_assets.rs
[2026-09-29T08:57:17Z] [iter=1] HEARTBEAT target_type=call_site elapsed_min=97.6 files_done=70 resolved=6358 errors=2927 current=crates/next-core/src/path_regex.rs
[2026-09-29T08:58:09Z] [iter=1] HEARTBEAT target_type=call_site elapsed_min=98.4 files_done=72 resolved=6506 errors=2955 current=crates/turbopack-css/src/module_asset.rs
[2026-09-29T08:58:47Z] [iter=1] HEARTBEAT target_type=call_site elapsed_min=99.1 files_done=74 resolved=6565 errors=2975 current=crates/turbopack-core/src/resolve/mod.rs
[2026-09-29T09:04:49Z] [iter=1] HEARTBEAT target_type=call_site elapsed_min=105.1 files_done=75 resolved=6857 errors=3178 current=crates/turbo-tasks-memory/src/viz/mod.rs
[2026-09-29T09:06:29Z] [iter=1] HEARTBEAT target_type=call_site elapsed_min=106.8 files_done=77 resolved=7001 errors=3234 current=shim/src/main.rs
[2026-09-29T09:07:12Z] [iter=1] HEARTBEAT target_type=call_site elapsed_min=107.5 files_done=79 resolved=7058 errors=3256 current=crates/turbopack-dev-server/src/fs.rs
[2026-09-29T09:08:04Z] [iter=1] HEARTBEAT target_type=call_site elapsed_min=108.4 files_done=82 resolved=7110 errors=3286 current=crates/turbo-tasks-rocksdb/src/persisted_graph.rs
[2026-09-29T09:08:40Z] [iter=1] HEARTBEAT target_type=call_site elapsed_min=108.9 files_done=84 resolved=7178 errors=3305 current=crates/turbopack-core/src/chunk/dev.rs
[2026-09-29T09:10:41Z] [iter=1] HEARTBEAT target_type=call_site elapsed_min=111.0 files_done=86 resolved=7308 errors=3373 current=crates/next-dev/src/main.rs
[2026-09-29T09:11:30Z] [iter=1] HEARTBEAT target_type=call_site elapsed_min=111.8 files_done=88 resolved=7360 errors=3400 current=crates/turbo-tasks-fs/src/embed/file.rs
[2026-09-29T09:12:04Z] [iter=1] HEARTBEAT target_type=call_site elapsed_min=112.4 files_done=91 resolved=7534 errors=3418 current=crates/turbo-tasks-macros/src/function_macro.rs
[2026-09-29T09:13:01Z] [iter=1] HEARTBEAT target_type=call_site elapsed_min=113.3 files_done=94 resolved=7597 errors=3450 current=crates/turbo-tasks-testing/src/lib.rs
[2026-09-29T09:13:40Z] [iter=1] HEARTBEAT target_type=call_site elapsed_min=113.9 files_done=96 resolved=7683 errors=3470 current=crates/turbopack-css/src/chunk/mod.rs
[2026-09-29T09:14:40Z] [iter=1] HEARTBEAT target_type=call_site elapsed_min=115.0 files_done=97 resolved=7783 errors=3504 current=crates/turbopack-ecmascript/src/typescript/resolve.rs
[2026-09-29T09:16:04Z] [iter=1] HEARTBEAT target_type=call_site elapsed_min=116.3 files_done=98 resolved=7863 errors=3551 current=crates/turbo-tasks-memory/tests/all_in_one.rs
[2026-09-29T09:16:40Z] [iter=1] HEARTBEAT target_type=call_site elapsed_min=116.9 files_done=100 resolved=7929 errors=3571 current=crates/turbopack-css/src/references/url.rs
[2026-09-29T09:17:34Z] [iter=1] HEARTBEAT target_type=call_site elapsed_min=117.8 files_done=103 resolved=8048 errors=3601 current=crates/turbopack-core/src/resolve/alias_map.rs
[2026-09-29T09:20:07Z] [iter=1] HEARTBEAT target_type=call_site elapsed_min=120.4 files_done=104 resolved=8147 errors=3687 current=crates/turbo-tasks-fs/src/read_glob.rs
[2026-09-29T09:21:27Z] [iter=1] HEARTBEAT target_type=call_site elapsed_min=121.7 files_done=107 resolved=8236 errors=3732 current=crates/turbo-tasks-rocksdb/src/table.rs
[2026-09-29T09:22:54Z] [iter=1] HEARTBEAT target_type=call_site elapsed_min=123.2 files_done=111 resolved=8398 errors=3779 current=crates/turbo-tasks-fs/examples/hash_directory.rs
[2026-09-29T09:23:36Z] [iter=1] HEARTBEAT target_type=call_site elapsed_min=123.9 files_done=112 resolved=8436 errors=3802 current=crates/turbopack-core/src/resolve/parse.rs
[2026-09-29T09:24:15Z] [iter=1] HEARTBEAT target_type=call_site elapsed_min=124.5 files_done=113 resolved=8503 errors=3824 current=crates/turbopack-dev-server/src/update/stream.rs
[2026-09-29T09:25:00Z] [iter=1] HEARTBEAT target_type=call_site elapsed_min=125.3 files_done=116 resolved=8604 errors=3849 current=crates/turbopack/src/graph/mod.rs
[2026-09-29T09:25:31Z] [iter=1] HEARTBEAT target_type=call_site elapsed_min=125.8 files_done=117 resolved=8663 errors=3866 current=crates/turbo-tasks-build/src/lib.rs
[2026-09-29T09:26:45Z] [iter=1] HEARTBEAT target_type=call_site elapsed_min=127.0 files_done=118 resolved=8831 errors=3907 current=crates/turbo-tasks-memory/src/memory_backend.rs
[2026-09-29T09:30:09Z] [iter=1] HEARTBEAT target_type=call_site elapsed_min=130.4 files_done=119 resolved=8873 errors=4022 current=crates/turbopack-static/src/lib.rs
[2026-09-29T09:30:49Z] [iter=1] HEARTBEAT target_type=call_site elapsed_min=131.1 files_done=120 resolved=8902 errors=4044 current=crates/turbopack-css/src/chunk/writer.rs
[2026-09-29T09:31:30Z] [iter=1] HEARTBEAT target_type=call_site elapsed_min=131.8 files_done=123 resolved=8996 errors=4067 current=crates/turbopack-core/src/resolve/exports.rs
[2026-09-29T09:32:25Z] [iter=1] HEARTBEAT target_type=call_site elapsed_min=132.7 files_done=124 resolved=9072 errors=4098 current=crates/turbopack-ecmascript/src/chunk/optimize.rs
[2026-09-29T09:33:13Z] [iter=1] HEARTBEAT target_type=call_site elapsed_min=133.5 files_done=125 resolved=9156 errors=4125 current=crates/turbopack-dev-server/src/source/lazy_instatiated.rs
[2026-09-29T09:33:43Z] [iter=1] HEARTBEAT target_type=call_site elapsed_min=134.0 files_done=127 resolved=9204 errors=4142 current=crates/turbopack-hash/src/hex.rs
[2026-09-29T09:34:18Z] [iter=1] HEARTBEAT target_type=call_site elapsed_min=134.6 files_done=130 resolved=9308 errors=4154 current=crates/turbopack-ecmascript/src/chunk/loader.rs
[2026-09-29T09:35:14Z] [iter=1] HEARTBEAT target_type=call_site elapsed_min=135.5 files_done=131 resolved=9347 errors=4185 current=crates/xtask/src/visualize_bundler_bench.rs
[2026-09-29T09:35:45Z] [iter=1] HEARTBEAT target_type=call_site elapsed_min=136.0 files_done=133 resolved=9472 errors=4200 current=crates/turbopack-dev-server/src/html.rs
[2026-09-29T09:36:24Z] [iter=1] HEARTBEAT target_type=call_site elapsed_min=136.7 files_done=134 resolved=9513 errors=4222 current=crates/turbopack-ecmascript/src/magic_identifier.rs
[2026-09-29T09:37:40Z] [iter=1] HEARTBEAT target_type=call_site elapsed_min=137.9 files_done=137 resolved=9582 errors=4265 current=crates/turbopack-core/src/asset.rs
[2026-09-29T09:38:59Z] [iter=1] HEARTBEAT target_type=call_site elapsed_min=139.3 files_done=139 resolved=9772 errors=4309 current=crates/turbopack/src/lib.rs
[2026-09-29T09:41:20Z] [iter=1] HEARTBEAT target_type=call_site elapsed_min=141.6 files_done=140 resolved=9859 errors=4388 current=crates/turbo-tasks-memory/src/viz/table.rs
[2026-09-29T09:41:58Z] [iter=1] HEARTBEAT target_type=call_site elapsed_min=142.2 files_done=142 resolved=9923 errors=4409 current=crates/turbo-tasks-macros/src/derive/trace_raw_vcs_macro.rs
[2026-09-29T09:42:36Z] [iter=1] HEARTBEAT target_type=call_site elapsed_min=142.9 files_done=148 resolved=10056 errors=4428 current=crates/turbopack-ecmascript/src/code_gen.rs
[2026-09-29T09:43:15Z] [iter=1] HEARTBEAT target_type=call_site elapsed_min=143.5 files_done=151 resolved=10090 errors=4450 current=crates/turbo-tasks/src/id.rs
[2026-09-29T09:44:07Z] [iter=1] HEARTBEAT target_type=call_site elapsed_min=144.4 files_done=154 resolved=10172 errors=4479 current=crates/turbopack-ecmascript/src/typescript/mod.rs
[2026-09-29T09:44:50Z] [iter=1] HEARTBEAT target_type=call_site elapsed_min=145.1 files_done=155 resolved=10229 errors=4503 current=crates/turbo-tasks-rocksdb/examples/inspect-db.rs
[2026-09-29T09:45:55Z] [iter=1] HEARTBEAT target_type=call_site elapsed_min=146.2 files_done=157 resolved=10261 errors=4538 current=crates/turbopack-ecmascript/src/references/amd.rs
[2026-09-29T09:46:30Z] [iter=1] HEARTBEAT target_type=call_site elapsed_min=146.8 files_done=161 resolved=10337 errors=4557 current=crates/turbopack-core/src/chunk/optimize.rs
[2026-09-29T09:47:14Z] [iter=1] HEARTBEAT target_type=call_site elapsed_min=147.5 files_done=162 resolved=10438 errors=4580 current=crates/turbo-tasks-env/src/lib.rs
[2026-09-29T09:48:10Z] [iter=1] HEARTBEAT target_type=call_site elapsed_min=148.4 files_done=167 resolved=10529 errors=4610 current=crates/turbopack-ecmascript/src/references/cjs.rs
[2026-09-29T09:48:40Z] [iter=1] HEARTBEAT target_type=call_site elapsed_min=149.0 files_done=169 resolved=10574 errors=4627 current=crates/turbopack-css/src/references/import.rs
[2026-09-29T09:49:34Z] [iter=1] HEARTBEAT target_type=call_site elapsed_min=149.8 files_done=171 resolved=10644 errors=4657 current=crates/swc-ast-explorer/src/main.rs
[2026-09-29T09:50:35Z] [iter=1] HEARTBEAT target_type=call_site elapsed_min=150.9 files_done=176 resolved=10746 errors=4688 current=crates/turbopack-core/src/issue/resolve.rs
[2026-09-29T09:51:06Z] [iter=1] HEARTBEAT target_type=call_site elapsed_min=151.4 files_done=180 resolved=10873 errors=4705 current=crates/turbo-tasks/src/debug/internal.rs
[2026-09-29T09:52:26Z] [iter=1] HEARTBEAT target_type=call_site elapsed_min=152.7 files_done=183 resolved=10959 errors=4750 current=crates/turbo-tasks-memory/src/count_hash_set.rs
[2026-09-29T09:53:01Z] [iter=1] HEARTBEAT target_type=call_site elapsed_min=153.3 files_done=187 resolved=11087 errors=4770 current=crates/turbo-tasks/src/primitives.rs
[2026-09-29T09:53:32Z] [iter=1] HEARTBEAT target_type=call_site elapsed_min=153.8 files_done=189 resolved=11121 errors=4787 current=crates/turbo-tasks/src/timed_future.rs
[2026-09-29T09:54:22Z] [iter=1] HEARTBEAT target_type=call_site elapsed_min=154.6 files_done=193 resolved=11203 errors=4815 current=crates/turbopack-css/src/parse.rs
[2026-09-29T09:54:53Z] [iter=1] HEARTBEAT target_type=call_site elapsed_min=155.2 files_done=195 resolved=11259 errors=4830 current=crates/turbopack/tests/helpers/mod.rs
[2026-09-29T09:55:34Z] [iter=1] HEARTBEAT target_type=call_site elapsed_min=155.8 files_done=197 resolved=11306 errors=4853 current=crates/turbopack-env/src/try_env.rs
[2026-09-29T09:56:20Z] [iter=1] HEARTBEAT target_type=call_site elapsed_min=156.6 files_done=204 resolved=11373 errors=4879 current=crates/next-dev/benches/bundlers/webpack/mod.rs
[2026-09-29T09:57:06Z] [iter=1] HEARTBEAT target_type=call_site elapsed_min=157.4 files_done=207 resolved=11430 errors=4904 current=crates/turbopack-hash/src/xxh3_hash64.rs
[2026-09-29T09:57:42Z] [iter=1] HEARTBEAT target_type=call_site elapsed_min=158.0 files_done=211 resolved=11473 errors=4924 current=shim/tests/mod.rs
[2026-09-29T09:58:16Z] [iter=1] HEARTBEAT target_type=call_site elapsed_min=158.5 files_done=218 resolved=11528 errors=4940 current=crates/turbopack-core/src/resolve/origin.rs
[2026-09-29T09:58:46Z] [iter=1] HEARTBEAT target_type=call_site elapsed_min=159.1 files_done=224 resolved=11565 errors=4957 current=crates/turbo-tasks/src/native_function.rs
[2026-09-29T09:59:30Z] [iter=1] HEARTBEAT target_type=call_site elapsed_min=159.8 files_done=232 resolved=11611 errors=4981 current=crates/turbopack/src/module_options/mod.rs
[2026-09-29T10:00:06Z] [iter=1] HEARTBEAT target_type=call_site elapsed_min=160.4 files_done=241 resolved=11659 errors=5000 current=crates/turbo-tasks-memory/src/cell.rs
[2026-09-29T10:00:38Z] [iter=1] HEARTBEAT target_type=call_site elapsed_min=160.9 files_done=261 resolved=11685 errors=5015 current=crates/turbopack-core/src/introspect/mod.rs
[2026-09-29T10:01:22Z] [iter=1] HEARTBEAT target_type=call_site elapsed_min=161.6 files_done=271 resolved=11702 errors=37761 current=packages/turbo-codemod/__tests__/migrate-env-var-dependencies.test.ts
[2026-09-29T10:02:07Z] [iter=1] HEARTBEAT target_type=call_site elapsed_min=162.4 files_done=272 resolved=11702 errors=37786 current=cli/scripts/e2e/e2e.ts
[2026-09-29T10:05:04Z] [iter=1] HEARTBEAT target_type=call_site elapsed_min=165.3 files_done=273 resolved=11738 errors=37885 current=packages/turbo-codemod/src/transforms/create-turbo-config.ts
[2026-09-29T10:06:15Z] [iter=1] HEARTBEAT target_type=call_site elapsed_min=166.5 files_done=276 resolved=11762 errors=37924 current=cli/scripts/monorepo.ts
[2026-09-29T10:07:10Z] [iter=1] HEARTBEAT target_type=call_site elapsed_min=167.4 files_done=278 resolved=11823 errors=37954 current=packages/eslint-plugin-turbo/__tests__/lib/no-undeclared-env-vars.test.ts
[2026-09-29T10:08:01Z] [iter=1] HEARTBEAT target_type=call_site elapsed_min=168.3 files_done=279 resolved=11823 errors=37983 current=examples/with-prisma/packages/database/src/client.ts
[2026-09-29T10:08:38Z] [iter=1] HEARTBEAT target_type=call_site elapsed_min=168.9 files_done=282 resolved=11864 errors=38003 current=docs/components/pages/pack-home/PackBenchmarksGraph.tsx
[2026-09-29T10:09:26Z] [iter=1] HEARTBEAT target_type=call_site elapsed_min=169.7 files_done=283 resolved=11871 errors=38030 current=packages/turbo-codemod/src/index.ts
[2026-09-29T10:10:00Z] [iter=1] HEARTBEAT target_type=call_site elapsed_min=170.3 files_done=286 resolved=11893 errors=38049 current=examples/kitchen-sink/apps/api/src/__tests__/server.test.ts
[2026-09-29T10:10:33Z] [iter=1] HEARTBEAT target_type=call_site elapsed_min=170.8 files_done=297 resolved=11905 errors=38067 current=examples/design-system/packages/acme-utils/src/toSlug.ts
[2026-09-29T10:11:16Z] [iter=1] HEARTBEAT target_type=call_site elapsed_min=171.5 files_done=303 resolved=11923 errors=38091 current=packages/turbo-codemod/src/runTransform.ts
[2026-09-29T10:11:52Z] [iter=1] HEARTBEAT target_type=call_site elapsed_min=172.2 files_done=313 resolved=11957 errors=38111 current=examples/with-docker/apps/web/src/pages/index.tsx
[2026-09-29T10:12:27Z] [iter=1] HEARTBEAT target_type=call_site elapsed_min=172.7 files_done=319 resolved=11969 errors=38130 current=packages/turbo-ignore/__tests__/ignore.test.ts
[2026-09-29T10:12:59Z] [iter=1] HEARTBEAT target_type=call_site elapsed_min=173.3 files_done=328 resolved=11977 errors=38147 current=docs/components/Tabs.tsx
[2026-09-29T10:13:33Z] [iter=1] HEARTBEAT target_type=call_site elapsed_min=173.8 files_done=349 resolved=12000 errors=38164 current=packages/create-turbo/src/shouldUseYarn.ts
[2026-09-29T10:14:04Z] [iter=1] HEARTBEAT target_type=call_site elapsed_min=174.4 files_done=381 resolved=12017 errors=38179 current=docs/components/clients/Clients.tsx
[2026-09-29T10:14:42Z] [iter=1] HEARTBEAT target_type=call_site elapsed_min=175.0 files_done=386 resolved=12040 errors=38199 current=crates/turbopack/tests/snapshot/integration/async_chunk/output/crates_turbopack_tests_snapshot_integration_async_chunk_input_index_d59edf.js
[2026-09-29T10:16:11Z] [iter=1] HEARTBEAT target_type=call_site elapsed_min=176.5 files_done=387 resolved=12099 errors=38249 current=crates/next-dev/tests/integration/webpack/chunks/circular-correctness/module-c.js
[2026-09-29T10:17:31Z] [iter=1] HEARTBEAT target_type=call_site elapsed_min=177.8 files_done=389 resolved=12158 errors=38294 current=crates/turbopack-ecmascript/tests/analyzer/graph/peg/input.js
[2026-09-29T10:39:44Z] [iter=1] HEARTBEAT target_type=call_site elapsed_min=200.0 files_done=390 resolved=12180 errors=39049 current=crates/turbopack/tests/node-file-trace/integration/bcrypt.js
[2026-09-29T10:41:04Z] [iter=1] HEARTBEAT target_type=call_site elapsed_min=201.4 files_done=392 resolved=12240 errors=39094 current=crates/turbopack/tests/snapshot/integration/mono_transforms/output/62d1e_tests_snapshot_integration_mono_transforms_input_packages_app_index_58b2af.js
[2026-09-29T10:42:24Z] [iter=1] HEARTBEAT target_type=call_site elapsed_min=202.7 files_done=393 resolved=12299 errors=39139 current=crates/turbopack/tests/snapshot/integration/resolve_error_esm/output/crates_turbopack_tests_snapshot_integration_resolve_error_esm_input_index_68a2a8.js
[2026-09-29T10:43:40Z] [iter=1] HEARTBEAT target_type=call_site elapsed_min=204.0 files_done=394 resolved=12359 errors=39182 current=crates/turbopack-ecmascript/tests/analyzer/graph/md5/input.js
[2026-09-29T10:46:02Z] [iter=1] HEARTBEAT target_type=call_site elapsed_min=206.3 files_done=395 resolved=12366 errors=39262 current=crates/next-dev/tests/integration/webpack/chunks/__skipped__/inline-options/index.js
[2026-09-29T10:47:47Z] [iter=1] HEARTBEAT target_type=call_site elapsed_min=208.1 files_done=398 resolved=12449 errors=39321 current=crates/turbopack/tests/snapshot/integration/css/output/crates_turbopack_tests_snapshot_integration_css_input_index_26632f.js
[2026-09-29T10:49:09Z] [iter=1] HEARTBEAT target_type=call_site elapsed_min=209.4 files_done=399 resolved=12508 errors=39367 current=crates/turbopack/tests/snapshot/integration/runtime_entry/output/crates_turbopack_tests_snapshot_integration_runtime_entry_input_index_495d85.js
[2026-09-29T10:50:25Z] [iter=1] HEARTBEAT target_type=call_site elapsed_min=210.7 files_done=400 resolved=12568 errors=39410 current=crates/turbopack/tests/snapshot/integration/resolve_error_cjs/output/crates_turbopack_tests_snapshot_integration_resolve_error_cjs_input_index_134d6a.js
[2026-09-29T10:51:43Z] [iter=1] HEARTBEAT target_type=call_site elapsed_min=212.0 files_done=401 resolved=12628 errors=39454 current=crates/turbopack-ecmascript/js/runtime.js
[2026-09-29T10:52:57Z] [iter=1] HEARTBEAT target_type=call_site elapsed_min=213.2 files_done=402 resolved=12686 errors=39496 current=crates/turbopack/tests/node-file-trace/integration/express-template.js
[2026-09-29T10:54:19Z] [iter=1] HEARTBEAT target_type=call_site elapsed_min=214.6 files_done=405 resolved=12745 errors=39542 current=docs/scripts/generate-rss.js
[2026-09-29T10:55:51Z] [iter=1] HEARTBEAT target_type=call_site elapsed_min=216.1 files_done=409 resolved=12815 errors=39593 current=crates/turbopack-ecmascript/tests/analyzer/graph/md5_2/input.js
[2026-09-29T10:57:49Z] [iter=1] HEARTBEAT target_type=call_site elapsed_min=218.1 files_done=410 resolved=12817 errors=39659 current=crates/next-core/js/entry/server-renderer.js
[2026-09-29T10:59:22Z] [iter=1] HEARTBEAT target_type=call_site elapsed_min=219.6 files_done=416 resolved=12895 errors=39710 current=crates/next-dev/tests/integration/webpack/chunks/__skipped__/runtime/index.js
[2026-09-29T10:59:53Z] [iter=1] HEARTBEAT target_type=call_site elapsed_min=220.2 files_done=420 resolved=12908 errors=39727 current=crates/next-dev/tests/integration/webpack/chunks/__skipped__/weak-dependencies/index.js
[2026-09-29T11:00:34Z] [iter=1] HEARTBEAT target_type=call_site elapsed_min=220.8 files_done=422 resolved=12926 errors=39749 current=crates/turbopack-ecmascript/tests/analyzer/graph/md5-reduced/input.js
[2026-09-29T11:01:04Z] [iter=1] HEARTBEAT target_type=call_site elapsed_min=221.4 files_done=423 resolved=12926 errors=39766 current=crates/next-dev/tests/integration/webpack/chunks/__skipped__/weak-dependencies-context/index.js
[2026-09-29T11:01:35Z] [iter=1] HEARTBEAT target_type=call_site elapsed_min=221.9 files_done=430 resolved=12938 errors=39782 current=examples/design-system/apps/docs/.storybook/main.js
[2026-09-29T11:02:12Z] [iter=1] HEARTBEAT target_type=call_site elapsed_min=222.5 files_done=435 resolved=12955 errors=39802 current=crates/turbopack/tests/node-file-trace/integration/stripe.js
[2026-09-29T11:02:42Z] [iter=1] HEARTBEAT target_type=call_site elapsed_min=223.0 files_done=449 resolved=12964 errors=39818 current=crates/turbopack/tests/node-file-trace/integration/pixelmatch.js
[2026-09-29T11:03:13Z] [iter=1] HEARTBEAT target_type=call_site elapsed_min=223.5 files_done=461 resolved=12984 errors=39834 current=examples/with-pnpm/apps/docs/next.config.js
[2026-09-29T11:03:44Z] [iter=1] HEARTBEAT target_type=call_site elapsed_min=224.0 files_done=475 resolved=13007 errors=39850 current=crates/turbopack/tests/node-file-trace/integration/path-platform.js
[2026-09-29T11:04:17Z] [iter=1] HEARTBEAT target_type=call_site elapsed_min=224.6 files_done=479 resolved=13008 errors=39868 current=crates/turbopack/tests/snapshot/integration/async_chunk/output/4c3bb_foo_index.js
[2026-09-29T11:04:49Z] [iter=1] HEARTBEAT target_type=call_site elapsed_min=225.1 files_done=495 resolved=13017 errors=39884 current=crates/turbopack/tests/node-file-trace/integration/camaro.js
[2026-09-29T11:04:53Z] [iter=1] CHECKPOINT TRIGGERED elapsed_min=225.2 files_completed=500 new_files_this_iter=500 mem_mb=971 MB
[2026-09-29T11:04:53Z] [iter=1] Writing partial enrichment graph path=/home/runner/work/forx/forx/storage/aggregate/lsp/b6bc4d3003d564a9d2af357278d0ed9d57791ead.nq.gz triples=138403
[2026-09-29T11:04:55Z] [iter=1] Checkpoint written, exiting with code 7
[2026-09-29T11:04:55Z] [iter=1] PHASE END: enrich (checkpointed) elapsed_s=13510 elapsed_min=225.2 files_completed=500
